
> trading-clock@1.0.20251201-230355 build
> vite build

[36mvite v6.1.0 [32mbuilding for production...[36m[39m
transforming...
npm : [33mnode_modules/react-router/dist/development/index.mjs (11:0): Module 
level directives cause errors when bundled, "use client" in 
"node_modules/react-router/dist/development/index.mjs" was ignored.[39m
En línea: 1 Carácter: 37
+ ... d:\Lofi Trades\trading-clock" ; npm run build > build_output.txt 2>&1
+                                     ~~~~~~~~~~~~~~~~~~~~~~~~~~~~~~~~~~~~~
    + CategoryInfo          : NotSpecified: ([33mnode_modul...s ignored.[39m:Stri 
   ng) [], RemoteException
    + FullyQualifiedErrorId : NativeCommandError
 
